- component: ""
  fromReleaseHTMLURL: https://github.com/jenkins-x/jenkins-x-builders/releases/tag/0.1.568
  fromReleaseName: 0.1.568
  fromVersion: 0.1.568
  host: github.com
  owner: jenkins-x
  repo: jenkins-x-builders
  toReleaseHTMLURL: https://github.com/jenkins-x/jenkins-x-builders/releases/tag/0.1.569
  toReleaseName: 0.1.569
  toVersion: 0.1.569
  url: https://github.com/jenkins-x/jenkins-x-builders
- component: ""
  fromReleaseHTMLURL: https://github.com/jenkins-x/jx/releases/tag/v2.0.458
  fromReleaseName: 2.0.458
  fromVersion: 2.0.458
  host: github.com
  owner: jenkins-x
  repo: jx
  toReleaseHTMLURL: https://github.com/jenkins-x/jx/releases/tag/v2.0.461
  toReleaseName: 2.0.461
  toVersion: 2.0.461
  url: https://github.com/jenkins-x/jx
